Archive member included to satisfy reference by file (symbol)

/home/nonexistent/st/stm32cubeide_2.0.0/plugins/com.st.stm32cube.ide.mcu.externaltools.gnu-tools-for-stm32.14.3.rel1.linux64_1.0.100.202602081740/tools/bin/../lib/gcc/arm-none-eabi/14.3.1/../../../../arm-none-eabi/lib/thumb/v7e-m+fp/hard/libc_nano.a(libc_a-exit.o)
                              /home/nonexistent/st/stm32cubeide_2.0.0/plugins/com.st.stm32cube.ide.mcu.externaltools.gnu-tools-for-stm32.14.3.rel1.linux64_1.0.100.202602081740/tools/bin/../lib/gcc/arm-none-eabi/14.3.1/../../../../arm-none-eabi/lib/thumb/v7e-m+fp/hard/crt0.o (exit)
/home/nonexistent/st/stm32cubeide_2.0.0/plugins/com.st.stm32cube.ide.mcu.externaltools.gnu-tools-for-stm32.14.3.rel1.linux64_1.0.100.202602081740/tools/bin/../lib/gcc/arm-none-eabi/14.3.1/../../../../arm-none-eabi/lib/thumb/v7e-m+fp/hard/libc_nano.a(libc_a-malloc.o)
                              ./Middlewares/ST/STM32_USB_Host_Library/Class/CDC/Src/usbh_cdc.o (malloc)
/home/nonexistent/st/stm32cubeide_2.0.0/plugins/com.st.stm32cube.ide.mcu.externaltools.gnu-tools-for-stm32.14.3.rel1.linux64_1.0.100.202602081740/tools/bin/../lib/gcc/arm-none-eabi/14.3.1/../../../../arm-none-eabi/lib/thumb/v7e-m+fp/hard/libc_nano.a(libc_a-mallocr.o)
                              /home/nonexistent/st/stm32cubeide_2.0.0/plugins/com.st.stm32cube.ide.mcu.externaltools.gnu-tools-for-stm32.14.3.rel1.linux64_1.0.100.202602081740/tools/bin/../lib/gcc/arm-none-eabi/14.3.1/../../../../arm-none-eabi/lib/thumb/v7e-m+fp/hard/libc_nano.a(libc_a-malloc.o) (_malloc_r)
/home/nonexistent/st/stm32cubeide_2.0.0/plugins/com.st.stm32cube.ide.mcu.externaltools.gnu-tools-for-stm32.14.3.rel1.linux64_1.0.100.202602081740/tools/bin/../lib/gcc/arm-none-eabi/14.3.1/../../../../arm-none-eabi/lib/thumb/v7e-m+fp/hard/libc_nano.a(libc_a-mlock.o)
                              /home/nonexistent/st/stm32cubeide_2.0.0/plugins/com.st.stm32cube.ide.mcu.externaltools.gnu-tools-for-stm32.14.3.rel1.linux64_1.0.100.202602081740/tools/bin/../lib/gcc/arm-none-eabi/14.3.1/../../../../arm-none-eabi/lib/thumb/v7e-m+fp/hard/libc_nano.a(libc_a-mallocr.o) (__malloc_lock)
/home/nonexistent/st/stm32cubeide_2.0.0/plugins/com.st.stm32cube.ide.mcu.externaltools.gnu-tools-for-stm32.14.3.rel1.linux64_1.0.100.202602081740/tools/bin/../lib/gcc/arm-none-eabi/14.3.1/../../../../arm-none-eabi/lib/thumb/v7e-m+fp/hard/libc_nano.a(libc_a-findfp.o)
                              /home/nonexistent/st/stm32cubeide_2.0.0/plugins/com.st.stm32cube.ide.mcu.externaltools.gnu-tools-for-stm32.14.3.rel1.linux64_1.0.100.202602081740/tools/bin/../lib/gcc/arm-none-eabi/14.3.1/../../../../arm-none-eabi/lib/thumb/v7e-m+fp/hard/libc_nano.a(libc_a-exit.o) (__stdio_exit_handler)
/home/nonexistent/st/stm32cubeide_2.0.0/plugins/com.st.stm32cube.ide.mcu.externaltools.gnu-tools-for-stm32.14.3.rel1.linux64_1.0.100.202602081740/tools/bin/../lib/gcc/arm-none-eabi/14.3.1/../../../../arm-none-eabi/lib/thumb/v7e-m+fp/hard/libc_nano.a(libc_a-fwalk.o)
                              /home/nonexistent/st/stm32cubeide_2.0.0/plugins/com.st.stm32cube.ide.mcu.externaltools.gnu-tools-for-stm32.14.3.rel1.linux64_1.0.100.202602081740/tools/bin/../lib/gcc/arm-none-eabi/14.3.1/../../../../arm-none-eabi/lib/thumb/v7e-m+fp/hard/libc_nano.a(libc_a-findfp.o) (_fwalk_sglue)
/home/nonexistent/st/stm32cubeide_2.0.0/plugins/com.st.stm32cube.ide.mcu.externaltools.gnu-tools-for-stm32.14.3.rel1.linux64_1.0.100.202602081740/tools/bin/../lib/gcc/arm-none-eabi/14.3.1/../../../../arm-none-eabi/lib/thumb/v7e-m+fp/hard/libc_nano.a(libc_a-stdio.o)
                              /home/nonexistent/st/stm32cubeide_2.0.0/plugins/com.st.stm32cube.ide.mcu.externaltools.gnu-tools-for-stm32.14.3.rel1.linux64_1.0.100.202602081740/tools/bin/../lib/gcc/arm-none-eabi/14.3.1/../../../../arm-none-eabi/lib/thumb/v7e-m+fp/hard/libc_nano.a(libc_a-findfp.o) (__sread)
/home/nonexistent/st/stm32cubeide_2.0.0/plugins/com.st.stm32cube.ide.mcu.externaltools.gnu-tools-for-stm32.14.3.rel1.linux64_1.0.100.202602081740/tools/bin/../lib/gcc/arm-none-eabi/14.3.1/../../../../arm-none-eabi/lib/thumb/v7e-m+fp/hard/libc_nano.a(libc_a-memset.o)
                              /home/nonexistent/st/stm32cubeide_2.0.0/plugins/com.st.stm32cube.ide.mcu.externaltools.gnu-tools-for-stm32.14.3.rel1.linux64_1.0.100.202602081740/tools/bin/../lib/gcc/arm-none-eabi/14.3.1/../../../../arm-none-eabi/lib/thumb/v7e-m+fp/hard/crt0.o (memset)
/home/nonexistent/st/stm32cubeide_2.0.0/plugins/com.st.stm32cube.ide.mcu.externaltools.gnu-tools-for-stm32.14.3.rel1.linux64_1.0.100.202602081740/tools/bin/../lib/gcc/arm-none-eabi/14.3.1/../../../../arm-none-eabi/lib/thumb/v7e-m+fp/hard/libc_nano.a(libc_a-closer.o)
                              /home/nonexistent/st/stm32cubeide_2.0.0/plugins/com.st.stm32cube.ide.mcu.externaltools.gnu-tools-for-stm32.14.3.rel1.linux64_1.0.100.202602081740/tools/bin/../lib/gcc/arm-none-eabi/14.3.1/../../../../arm-none-eabi/lib/thumb/v7e-m+fp/hard/libc_nano.a(libc_a-stdio.o) (_close_r)
[...]
Memory Configuration

Name             Origin             Length             Attributes
CCMRAM           0x10000000         0x00010000         xrw
RAM              0x20000000         0x00020000         xrw
FLASH            0x08000000         0x00100000         xr
*default*        0x00000000         0xffffffff

Linker script and memory map

LOAD /home/nonexistent/st/stm32cubeide_2.0.0/plugins/com.st.stm32cube.ide.mcu.externaltools.gnu-tools-for-stm32.14.3.rel1.linux64_1.0.100.202602081740/tools/bin/../lib/gcc/arm-none-eabi/14.3.1/thumb/v7e-m+fp/hard/crti.o
LOAD /home/nonexistent/st/stm32cubeide_2.0.0/plugins/com.st.stm32cube.ide.mcu.externaltools.gnu-tools-for-stm32.14.3.rel1.linux64_1.0.100.202602081740/tools/bin/../lib/gcc/arm-none-eabi/14.3.1/thumb/v7e-m+fp/hard/crtbegin.o
LOAD /home/nonexistent/st/stm32cubeide_2.0.0/plugins/com.st.stm32cube.ide.mcu.externaltools.gnu-tools-for-stm32.14.3.rel1.linux64_1.0.100.202602081740/tools/bin/../lib/gcc/arm-none-eabi/14.3.1/../../../../arm-none-eabi/lib/thumb/v7e-m+fp/hard/crt0.o
LOAD ./Core/Src/main.o
LOAD ./Core/Src/seg7.o
LOAD ./Core/Src/stm32f4xx_hal_msp.o
LOAD ./Core/Src/stm32f4xx_it.o
LOAD ./Core/Src/syscalls.o
LOAD ./Core/Src/sysmem.o
LOAD ./Core/Src/system_stm32f4xx.o
LOAD ./Core/Startup/startup_stm32f407vgtx.o
LOAD ./Drivers/STM32F4xx_HAL_Driver/Src/stm32f4xx_hal.o
LOAD ./Drivers/STM32F4xx_HAL_Driver/Src/stm32f4xx_hal_cortex.o
LOAD ./Drivers/STM32F4xx_HAL_Driver/Src/stm32f4xx_hal_dma.o
LOAD ./Drivers/STM32F4xx_HAL_Driver/Src/stm32f4xx_hal_dma_ex.o
LOAD ./Drivers/STM32F4xx_HAL_Driver/Src/stm32f4xx_hal_exti.o
LOAD ./Drivers/STM32F4xx_HAL_Driver/Src/stm32f4xx_hal_flash.o
LOAD ./Drivers/STM32F4xx_HAL_Driver/Src/stm32f4xx_hal_flash_ex.o
LOAD ./Drivers/STM32F4xx_HAL_Driver/Src/stm32f4xx_hal_flash_ramfunc.o
LOAD ./Drivers/STM32F4xx_HAL_Driver/Src/stm32f4xx_hal_gpio.o
LOAD ./Drivers/STM32F4xx_HAL_Driver/Src/stm32f4xx_hal_hcd.o
LOAD ./Drivers/STM32F4xx_HAL_Driver/Src/stm32f4xx_hal_i2c.o
LOAD ./Drivers/STM32F4xx_HAL_Driver/Src/stm32f4xx_hal_i2c_ex.o
LOAD ./Drivers/STM32F4xx_HAL_Driver/Src/stm32f4xx_hal_i2s.o
LOAD ./Drivers/STM32F4xx_HAL_Driver/Src/stm32f4xx_hal_i2s_ex.o
LOAD ./Drivers/STM32F4xx_HAL_Driver/Src/stm32f4xx_hal_pwr.o
LOAD ./Drivers/STM32F4xx_HAL_Driver/Src/stm32f4xx_hal_pwr_ex.o
LOAD ./Drivers/STM32F4xx_HAL_Driver/Src/stm32f4xx_hal_rcc.o
LOAD ./Drivers/STM32F4xx_HAL_Driver/Src/stm32f4xx_hal_rcc_ex.o
LOAD ./Drivers/STM32F4xx_HAL_Driver/Src/stm32f4xx_hal_spi.o
LOAD ./Drivers/STM32F4xx_HAL_Driver/Src/stm32f4xx_hal_tim.o
LOAD ./Drivers/STM32F4xx_HAL_Driver/Src/stm32f4xx_hal_tim_ex.o
LOAD ./Drivers/STM32F4xx_HAL_Driver/Src/stm32f4xx_ll_usb.o
LOAD ./Middlewares/ST/STM32_USB_Host_Library/Class/CDC/Src/usbh_cdc.o
LOAD ./Middlewares/ST/STM32_USB_Host_Library/Core/Src/usbh_core.o
LOAD ./Middlewares/ST/STM32_USB_Host_Library/Core/Src/usbh_ctlreq.o
LOAD ./Middlewares/ST/STM32_USB_Host_Library/Core/Src/usbh_ioreq.o
LOAD ./Middlewares/ST/STM32_USB_Host_Library/Core/Src/usbh_pipes.o
LOAD ./USB_HOST/App/usb_host.o
LOAD ./USB_HOST/Target/usbh_conf.o
LOAD ./USB_HOST/Target/usbh_platform.o
START GROUP
LOAD /home/nonexistent/st/stm32cubeide_2.0.0/plugins/com.st.stm32cube.ide.mcu.externaltools.gnu-tools-for-stm32.14.3.rel1.linux64_1.0.100.202602081740/tools/bin/../lib/gcc/arm-none-eabi/14.3.1/../../../../arm-none-eabi/lib/thumb/v7e-m+fp/hard/libc_nano.a
LOAD /home/nonexistent/st/stm32cubeide_2.0.0/plugins/com.st.stm32cube.ide.mcu.externaltools.gnu-tools-for-stm32.14.3.rel1.linux64_1.0.100.202602081740/tools/bin/../lib/gcc/arm-none-eabi/14.3.1/../../../../arm-none-eabi/lib/thumb/v7e-m+fp/hard/libm.a
END GROUP
START GROUP
LOAD /home/nonexistent/st/stm32cubeide_2.0.0/plugins/com.st.stm32cube.ide.mcu.externaltools.gnu-tools-for-stm32.14.3.rel1.linux64_1.0.100.202602081740/tools/bin/../lib/gcc/arm-none-eabi/14.3.1/thumb/v7e-m+fp/hard/libgcc.a
LOAD /home/nonexistent/st/stm32cubeide_2.0.0/plugins/com.st.stm32cube.ide.mcu.externaltools.gnu-tools-for-stm32.14.3.rel1.linux64_1.0.100.202602081740/tools/bin/../lib/gcc/arm-none-eabi/14.3.1/../../../../arm-none-eabi/lib/thumb/v7e-m+fp/hard/libc_nano.a
END GROUP
START GROUP
LOAD /home/nonexistent/st/stm32cubeide_2.0.0/plugins/com.st.stm32cube.ide.mcu.externaltools.gnu-tools-for-stm32.14.3.rel1.linux64_1.0.100.202602081740/tools/bin/../lib/gcc/arm-none-eabi/14.3.1/thumb/v7e-m+fp/hard/libgcc.a
LOAD /home/nonexistent/st/stm32cubeide_2.0.0/plugins/com.st.stm32cube.ide.mcu.externaltools.gnu-tools-for-stm32.14.3.rel1.linux64_1.0.100.202602081740/tools/bin/../lib/gcc/arm-none-eabi/14.3.1/../../../../arm-none-eabi/lib/thumb/v7e-m+fp/hard/libc_nano.a
LOAD /home/nonexistent/st/stm32cubeide_2.0.0/plugins/com.st.stm32cube.ide.mcu.externaltools.gnu-tools-for-stm32.14.3.rel1.linux64_1.0.100.202602081740/tools/bin/../lib/gcc/arm-none-eabi/14.3.1/../../../../arm-none-eabi/lib/thumb/v7e-m+fp/hard/libnosys.a
END GROUP
START GROUP
LOAD /home/nonexistent/st/stm32cubeide_2.0.0/plugins/com.st.stm32cube.ide.mcu.externaltools.gnu-tools-for-stm32.14.3.rel1.linux64_1.0.100.202602081740/tools/bin/../lib/gcc/arm-none-eabi/14.3.1/thumb/v7e-m+fp/hard/libgcc.a
LOAD /home/nonexistent/st/stm32cubeide_2.0.0/plugins/com.st.stm32cube.ide.mcu.externaltools.gnu-tools-for-stm32.14.3.rel1.linux64_1.0.100.202602081740/tools/bin/../lib/gcc/arm-none-eabi/14.3.1/../../../../arm-none-eabi/lib/thumb/v7e-m+fp/hard/libc_nano.a
LOAD /home/nonexistent/st/stm32cubeide_2.0.0/plugins/com.st.stm32cube.ide.mcu.externaltools.gnu-tools-for-stm32.14.3.rel1.linux64_1.0.100.202602081740/tools/bin/../lib/gcc/arm-none-eabi/14.3.1/../../../../arm-none-eabi/lib/thumb/v7e-m+fp/hard/libnosys.a
END GROUP
LOAD /home/nonexistent/st/stm32cubeide_2.0.0/plugins/com.st.stm32cube.ide.mcu.externaltools.gnu-tools-for-stm32.14.3.rel1.linux64_1.0.100.202602081740/tools/bin/../lib/gcc/arm-none-eabi/14.3.1/thumb/v7e-m+fp/hard/crtend.o
LOAD /home/nonexistent/st/stm32cubeide_2.0.0/plugins/com.st.stm32cube.ide.mcu.externaltools.gnu-tools-for-stm32.14.3.rel1.linux64_1.0.100.202602081740/tools/bin/../lib/gcc/arm-none-eabi/14.3.1/thumb/v7e-m+fp/hard/crtn.o
                0x20020000                        _estack = (ORIGIN (RAM) + LENGTH (RAM))
                0x00000200                        _Min_Heap_Size = 0x200
                0x00000400                        _Min_Stack_Size = 0x400

.isr_vector     0x08000000      0x188
                0x08000000                        . = ALIGN (0x4)
 *(.isr_vector)
 .isr_vector    0x08000000      0x188 ./Core/Startup/startup_stm32f407vgtx.o
                0x08000000                g_pfnVectors
                0x08000188                        . = ALIGN (0x4)

.text           0x08000188     0x641c
                0x08000188                        . = ALIGN (0x4)
 *(.text)
 .text          0x08000188       0x40 /home/nonexistent/st/stm32cubeide_2.0.0/plugins/com.st.stm32cube.ide.mcu.externaltools.gnu-tools-for-stm32.14.3.rel1.linux64_1.0.100.202602081740/tools/bin/../lib/gcc/arm-none-eabi/14.3.1/thumb/v7e-m+fp/hard/crtbegin.o
 .text          0x080001c8       0x30 /home/nonexistent/st/stm32cubeide_2.0.0/plugins/com.st.stm32cube.ide.mcu.externaltools.gnu-tools-for-stm32.14.3.rel1.linux64_1.0.100.202602081740/tools/bin/../lib/gcc/arm-none-eabi/14.3.1/thumb/v7e-m+fp/hard/libgcc.a(_aeabi_uldivmod.o)
                0x080001c8                __aeabi_uldivmod
 .text          0x080001f8      0x2f8 /home/nonexistent/st/stm32cubeide_2.0.0/plugins/com.st.stm32cube.ide.mcu.externaltools.gnu-tools-for-stm32.14.3.rel1.linux64_1.0.100.202602081740/tools/bin/../lib/gcc/arm-none-eabi/14.3.1/thumb/v7e-m+fp/hard/libgcc.a(_udivmoddi4.o)
                0x080001f8                __udivmoddi4
 .text          0x080004f0        0x4 /home/nonexistent/st/stm32cubeide_2.0.0/plugins/com.st.stm32cube.ide.mcu.externaltools.gnu-tools-for-stm32.14.3.rel1.linux64_1.0.100.202602081740/tools/bin/../lib/gcc/arm-none-eabi/14.3.1/thumb/v7e-m+fp/hard/libgcc.a(_dvmd_tls.o)
                0x080004f0                __aeabi_ldiv0
                0x080004f0                __aeabi_idiv0
 *(.text*)
 .text.Read_ADC
                0x080004f4       0x64 ./Core/Src/main.o
                0x080004f4                Read_ADC
 .text.Read_Switches
                0x08000558       0x20 ./Core/Src/main.o
                0x08000558                Read_Switches
 .text.Debounce_Delay
                0x08000578        0xe ./Core/Src/main.o
                0x08000578                Debounce_Delay
 *fill*         0x08000586        0x2 
 .text.Set_Marquee_Message
                0x08000588       0x5c ./Core/Src/main.o
                0x08000588                Set_Marquee_Message
 .text.Stop_Marquee
                0x080005e4       0x18 ./Core/Src/main.o
                0x080005e4                Stop_Marquee
 .text.Display_Clear
                0x080005fc       0x48 ./Core/Src/main.o
                0x080005fc                Display_Clear
 .text.Display_Refresh
                0x08000644       0x48 ./Core/Src/main.o
                0x08000644                Display_Refresh
 .text.ADC_To_Grid_Hysteresis
                0x0800068c       0xf6 ./Core/Src/main.o
                0x0800068c                ADC_To_Grid_Hysteresis
 *fill*         0x08000782        0x2 
 .text.Cursor_Update_From_ADC
                0x08000784       0x88 ./Core/Src/main.o
                0x08000784                Cursor_Update_From_ADC
 .text.Build_Score_Message
                0x0800080c       0xec ./Core/Src/main.o
                0x0800080c                Build_Score_Message
 .text.Map_To_Display
                0x080008f8      0x438 ./Core/Src/main.o
                0x080008f8                Map_To_Display
 .text.Render_Display_Buffer_Digit
                0x08000d30       0x84 ./Core/Src/main.o
                0x08000d30                Render_Display_Buffer_Digit
 .text.Play_SFX
                0x08000db4      0x208 ./Core/Src/main.o
                0x08000db4                Play_SFX
 .text.Play_Victory_Song
                0x08000fbc      0x25c ./Core/Src/main.o
                0x08000fbc                Play_Victory_Song
 .text.Validate_Placement
                0x08001218      0x140 ./Core/Src/main.o
                0x08001218                Validate_Placement
 .text.Apply_Placement
                0x08001358       0xb8 ./Core/Src/main.o
                0x08001358                Apply_Placement
 .text.Fire_Shot
                0x08001410       0xb2 ./Core/Src/main.o
                0x08001410                Fire_Shot
 .text.Check_Win
                0x080014c2       0x22 ./Core/Src/main.o
                0x080014c2                Check_Win
 .text.Count_Hits
                0x080014e4       0xbc ./Core/Src/main.o
                0x080014e4                Count_Hits
 .text.Wait_For_Button
                0x080015a0       0x42 ./Core/Src/main.o
                0x080015a0                Wait_For_Button
 .text.Wait_For_Any_Button
                0x080015e2       0x22 ./Core/Src/main.o
                0x080015e2                Wait_For_Any_Button
 .text.Get_Second_Segment_Bit
                0x08001604      0x10a ./Core/Src/main.o
                0x08001604                Get_Second_Segment_Bit
 .text.Build_Boat_Announcement
                0x0800170e      0x13e ./Core/Src/main.o
                0x0800170e                Build_Boat_Announcement
 .text.Place_Boats
                0x0800184c      0x30c ./Core/Src/main.o
                0x0800184c                Place_Boats
 .text.Game_Init
                0x08001b58       0x78 ./Core/Src/main.o
                0x08001b58                Game_Init
 .text.Game_Run
                0x08001bd0      0x628 ./Core/Src/main.o
                0x08001bd0                Game_Run
 .text.main     0x080021f8       0xc0 ./Core/Src/main.o
                0x080021f8                main
 .text.SystemClock_Config
                0x080022b8       0xd4 ./Core/Src/main.o
                0x080022b8                SystemClock_Config
 .text.MX_TIM7_Init
                0x0800238c       0x6c ./Core/Src/main.o
 .text.MX_GPIO_Init
                0x080023f8      0x1fc ./Core/Src/main.o
 .text.Error_Handler
                0x080025f4        0xc ./Core/Src/main.o
                0x080025f4                Error_Handler
 .text.Seven_Segment_Digit
                0x08002600       0x60 ./Core/Src/seg7.o
                0x08002600                Seven_Segment_Digit
 .text.HAL_MspInit
                0x08002660       0x50 ./Core/Src/stm32f4xx_hal_msp.o
                0x08002660                HAL_MspInit
 .text.HAL_TIM_Base_MspInit
                0x080026b0       0x50 ./Core/Src/stm32f4xx_hal_msp.o
                0x080026b0                HAL_TIM_Base_MspInit
 .text.NMI_Handler
                0x08002700        0x8 ./Core/Src/stm32f4xx_it.o
                0x08002700                NMI_Handler
 .text.HardFault_Handler
                0x08002708        0x8 ./Core/Src/stm32f4xx_it.o
                0x08002708                HardFault_Handler
 .text.MemManage_Handler
                0x08002710        0x8 ./Core/Src/stm32f4xx_it.o
                0x08002710                MemManage_Handler
 .text.BusFault_Handler
                0x08002718        0x8 ./Core/Src/stm32f4xx_it.o
                0x08002718                BusFault_Handler
 .text.UsageFault_Handler
                0x08002720        0x8 ./Core/Src/stm32f4xx_it.o
                0x08002720                UsageFault_Handler
 .text.SVC_Handler
                0x08002728        0xe ./Core/Src/stm32f4xx_it.o
                0x08002728                SVC_Handler
 .text.DebugMon_Handler
                0x08002736        0xe ./Core/Src/stm32f4xx_it.o
                0x08002736                DebugMon_Handler
 .text.PendSV_Handler
                0x08002744        0xe ./Core/Src/stm32f4xx_it.o
                0x08002744                PendSV_Handler
 *fill*         0x08002752        0x2 
 .text.SysTick_Handler
                0x08002754      0x23c ./Core/Src/stm32f4xx_it.o
                0x08002754                SysTick_Handler
 .text.TIM7_IRQHandler
                0x08002990      0x244 ./Core/Src/stm32f4xx_it.o
                0x08002990                TIM7_IRQHandler
 .text.OTG_FS_IRQHandler
                0x08002bd4       0x14 ./Core/Src/stm32f4xx_it.o
                0x08002bd4                OTG_FS_IRQHandler
 .text.SystemInit
                0x08002be8       0x24 ./Core/Src/system_stm32f4xx.o
                0x08002be8                SystemInit
 .text.Reset_Handler
                0x08002c0c       0x50 ./Core/Startup/startup_stm32f407vgtx.o
                0x08002c0c                Reset_Handler
 .text.Default_Handler
                0x08002c5c        0x2 ./Core/Startup/startup_stm32f407vgtx.o
                0x08002c5c                RTC_Alarm_IRQHandler
                0x08002c5c                HASH_RNG_IRQHandler
                0x08002c5c                EXTI2_IRQHandler
                0x08002c5c                TIM8_CC_IRQHandler
                0x08002c5c                TIM1_CC_IRQHandler
                0x08002c5c                DMA2_Stream5_IRQHandler
                0x08002c5c                DMA1_Stream5_IRQHandler
                0x08002c5c                PVD_IRQHandler
                0x08002c5c                SDIO_IRQHandler
                0x08002c5c                TAMP_STAMP_IRQHandler
                0x08002c5c                CAN2_RX1_IRQHandler
                0x08002c5c                EXTI3_IRQHandler
                0x08002c5c                TIM8_TRG_COM_TIM14_IRQHandler
                0x08002c5c                TIM1_UP_TIM10_IRQHandler
                0x08002c5c                TIM8_UP_TIM13_IRQHandler
                0x08002c5c                I2C3_ER_IRQHandler
                0x08002c5c                EXTI0_IRQHandler
                0x08002c5c                I2C2_EV_IRQHandler
                0x08002c5c                DMA1_Stream2_IRQHandler
                0x08002c5c                CAN1_RX0_IRQHandler
                0x08002c5c                FPU_IRQHandler
                0x08002c5c                OTG_HS_WKUP_IRQHandler
                0x08002c5c                CAN2_SCE_IRQHandler
                0x08002c5c                DMA2_Stream2_IRQHandler
                0x08002c5c                SPI1_IRQHandler
                0x08002c5c                TIM6_DAC_IRQHandler
                0x08002c5c                TIM1_BRK_TIM9_IRQHandler
                0x08002c5c                DCMI_IRQHandler
                0x08002c5c                CAN2_RX0_IRQHandler
                0x08002c5c                DMA2_Stream3_IRQHandler
                0x08002c5c                USART6_IRQHandler
                0x08002c5c                USART3_IRQHandler
                0x08002c5c                CAN1_RX1_IRQHandler
                0x08002c5c                UART5_IRQHandler
                0x08002c5c                DMA2_Stream0_IRQHandler
                0x08002c5c                TIM4_IRQHandler
                0x08002c5c                I2C1_EV_IRQHandler
                0x08002c5c                DMA1_Stream6_IRQHandler
                0x08002c5c                DMA1_Stream1_IRQHandler
                0x08002c5c                UART4_IRQHandler
                0x08002c5c                TIM3_IRQHandler
                0x08002c5c                RCC_IRQHandler
                0x08002c5c                TIM8_BRK_TIM12_IRQHandler
                0x08002c5c                Default_Handler
                0x08002c5c                EXTI15_10_IRQHandler
                0x08002c5c                ADC_IRQHandler
                0x08002c5c                DMA1_Stream7_IRQHandler
                0x08002c5c                CAN2_TX_IRQHandler
                0x08002c5c                TIM5_IRQHandler
                0x08002c5c                DMA2_Stream7_IRQHandler
                0x08002c5c                I2C3_EV_IRQHandler
                0x08002c5c                EXTI9_5_IRQHandler
                0x08002c5c                RTC_WKUP_IRQHandler
                0x08002c5c                ETH_WKUP_IRQHandler
                0x08002c5c                SPI2_IRQHandler
                0x08002c5c                OTG_HS_EP1_IN_IRQHandler
                0x08002c5c                DMA1_Stream0_IRQHandler
                0x08002c5c                CAN1_TX_IRQHandler
                0x08002c5c                EXTI4_IRQHandler
                0x08002c5c                FSMC_IRQHandler
                0x08002c5c                ETH_IRQHandler
                0x08002c5c                OTG_HS_EP1_OUT_IRQHandler
                0x08002c5c                WWDG_IRQHandler
                0x08002c5c                TIM2_IRQHandler
                0x08002c5c                OTG_FS_WKUP_IRQHandler
                0x08002c5c                TIM1_TRG_COM_TIM11_IRQHandler
                0x08002c5c                OTG_HS_IRQHandler
                0x08002c5c                EXTI1_IRQHandler
                0x08002c5c                USART2_IRQHandler
                0x08002c5c                I2C2_ER_IRQHandler
                0x08002c5c                DMA2_Stream1_IRQHandler
                0x08002c5c                CAN1_SCE_IRQHandler
                0x08002c5c                FLASH_IRQHandler
                0x08002c5c                DMA2_Stream4_IRQHandler
                0x08002c5c                USART1_IRQHandler
                0x08002c5c                SPI3_IRQHandler
                0x08002c5c                DMA1_Stream4_IRQHandler
                0x08002c5c                I2C1_ER_IRQHandler
                0x08002c5c                DMA2_Stream6_IRQHandler
                0x08002c5c                DMA1_Stream3_IRQHandler
 *fill*         0x08002c5e        0x2 
 .text.HAL_Init
                0x08002c60       0x44 ./Drivers/STM32F4xx_HAL_Driver/Src/stm32f4xx_hal.o
                0x08002c60                HAL_Init
 .text.HAL_InitTick
                0x08002ca4       0x60 ./Drivers/STM32F4xx_HAL_Driver/Src/stm32f4xx_hal.o
                0x08002ca4                HAL_InitTick
 .text.HAL_IncTick
                0x08002d04       0x28 ./Drivers/STM32F4xx_HAL_Driver/Src/stm32f4xx_hal.o
                0x08002d04                HAL_IncTick
 .text.HAL_GetTick
                0x08002d2c       0x18 ./Drivers/STM32F4xx_HAL_Driver/Src/stm32f4xx_hal.o
                0x08002d2c                HAL_GetTick
 .text.HAL_Delay
                0x08002d44       0x48 ./Drivers/STM32F4xx_HAL_Driver/Src/stm32f4xx_hal.o
                0x08002d44                HAL_Delay
 .text.__NVIC_SetPriorityGrouping
                0x08002d8c       0x48 ./Drivers/STM32F4xx_HAL_Driver/Src/stm32f4xx_hal_cortex.o
 .text.__NVIC_GetPriorityGrouping
                0x08002dd4       0x1c ./Drivers/STM32F4xx_HAL_Driver/Src/stm32f4xx_hal_cortex.o
 .text.__NVIC_EnableIRQ
                0x08002df0       0x3c ./Drivers/STM32F4xx_HAL_Driver/Src/stm32f4xx_hal_cortex.o
 .text.__NVIC_SetPriority
                0x08002e2c       0x54 ./Drivers/STM32F4xx_HAL_Driver/Src/stm32f4xx_hal_cortex.o
 .text.NVIC_EncodePriority
                0x08002e80       0x66 ./Drivers/STM32F4xx_HAL_Driver/Src/stm32f4xx_hal_cortex.o
 *fill*         0x08002ee6        0x2 
 .text.SysTick_Config
                0x08002ee8       0x44 ./Drivers/STM32F4xx_HAL_Driver/Src/stm32f4xx_hal_cortex.o
 .text.HAL_NVIC_SetPriorityGrouping
                0x08002f2c       0x16 ./Drivers/STM32F4xx_HAL_Driver/Src/stm32f4xx_hal_cortex.o
                0x08002f2c                HAL_NVIC_SetPriorityGrouping
 .text.HAL_NVIC_SetPriority
                0x08002f42       0x38 ./Drivers/STM32F4xx_HAL_Driver/Src/stm32f4xx_hal_cortex.o
                0x08002f42                HAL_NVIC_SetPriority
 .text.HAL_NVIC_EnableIRQ
                0x08002f7a       0x1c ./Drivers/STM32F4xx_HAL_Driver/Src/stm32f4xx_hal_cortex.o
                0x08002f7a                HAL_NVIC_EnableIRQ
 .text.HAL_SYSTICK_Config
                0x08002f96       0x18 ./Drivers/STM32F4xx_HAL_Driver/Src/stm32f4xx_hal_cortex.o
                0x08002f96                HAL_SYSTICK_Config
 *fill*         0x08002fae        0x2 
 .text.HAL_GPIO_Init
                0x08002fb0      0x338 ./Drivers/STM32F4xx_HAL_Driver/Src/stm32f4xx_hal_gpio.o
                0x08002fb0                HAL_GPIO_Init
 .text.HAL_GPIO_WritePin
                0x080032e8       0x32 ./Drivers/STM32F4xx_HAL_Driver/Src/stm32f4xx_hal_gpio.o
                0x080032e8                HAL_GPIO_WritePin
 .text.HAL_HCD_IRQHandler
                0x0800331a      0x220 ./Drivers/STM32F4xx_HAL_Driver/Src/stm32f4xx_hal_hcd.o
                0x0800331a                HAL_HCD_IRQHandler
 .text.HAL_HCD_Stop
                0x0800353a       0x3a ./Drivers/STM32F4xx_HAL_Driver/Src/stm32f4xx_hal_hcd.o
                0x0800353a                HAL_HCD_Stop
 .text.HCD_HC_IN_IRQHandler
                0x08003574      0xcd2 ./Drivers/STM32F4xx_HAL_Driver/Src/stm32f4xx_hal_hcd.o
 .text.HCD_HC_OUT_IRQHandler
                0x08004246      0x97e ./Drivers/STM32F4xx_HAL_Driver/Src/stm32f4xx_hal_hcd.o
 .text.HCD_RXQLVL_IRQHandler
                0x08004bc4      0x1be ./Drivers/STM32F4xx_HAL_Driver/Src/stm32f4xx_hal_hcd.o
 .text.HCD_Port_IRQHandler
                0x08004d82       0xe6 ./Drivers/STM32F4xx_HAL_Driver/Src/stm32f4xx_hal_hcd.o
 .text.HAL_RCC_OscConfig
                0x08004e68      0x4f0 ./Drivers/STM32F4xx_HAL_Driver/Src/stm32f4xx_hal_rcc.o
                0x08004e68                HAL_RCC_OscConfig
 .text.HAL_RCC_ClockConfig
                0x08005358      0x1cc ./Drivers/STM32F4xx_HAL_Driver/Src/stm32f4xx_hal_rcc.o
                0x08005358                HAL_RCC_ClockConfig
 .text.HAL_RCC_GetSysClockFreq
                0x08005524      0x20c ./Drivers/STM32F4xx_HAL_Driver/Src/stm32f4xx_hal_rcc.o
                0x08005524                HAL_RCC_GetSysClockFreq
 .text.HAL_TIM_Base_Init
                0x08005730       0x9e ./Drivers/STM32F4xx_HAL_Driver/Src/stm32f4xx_hal_tim.o
                0x08005730                HAL_TIM_Base_Init
 .text.HAL_TIM_IRQHandler
                0x080057ce      0x1e0 ./Drivers/STM32F4xx_HAL_Driver/Src/stm32f4xx_hal_tim.o
                0x080057ce                HAL_TIM_IRQHandler
 .text.HAL_TIM_PeriodElapsedCallback
                0x080059ae       0x14 ./Drivers/STM32F4xx_HAL_Driver/Src/stm32f4xx_hal_tim.o
                0x080059ae                HAL_TIM_PeriodElapsedCallback
 .text.HAL_TIM_OC_DelayElapsedCallback
                0x080059c2       0x14 ./Drivers/STM32F4xx_HAL_Driver/Src/stm32f4xx_hal_tim.o
                0x080059c2                HAL_TIM_OC_DelayElapsedCallback
 .text.HAL_TIM_IC_CaptureCallback
                0x080059d6       0x14 ./Drivers/STM32F4xx_HAL_Driver/Src/stm32f4xx_hal_tim.o
                0x080059d6                HAL_TIM_IC_CaptureCallback
 .text.HAL_TIM_PWM_PulseFinishedCallback
                0x080059ea       0x14 ./Drivers/STM32F4xx_HAL_Driver/Src/stm32f4xx_hal_tim.o
                0x080059ea                HAL_TIM_PWM_PulseFinishedCallback
 .text.HAL_TIM_TriggerCallback
                0x080059fe       0x14 ./Drivers/STM32F4xx_HAL_Driver/Src/stm32f4xx_hal_tim.o
                0x080059fe                HAL_TIM_TriggerCallback
 *fill*         0x08005a12        0x2 
 .text.TIM_Base_SetConfig
                0x08005a14      0x14c ./Drivers/STM32F4xx_HAL_Driver/Src/stm32f4xx_hal_tim.o
                0x08005a14                TIM_Base_SetConfig
 .text.HAL_TIMEx_MasterConfigSynchronization
                0x08005b60       0xf8 ./Drivers/STM32F4xx_HAL_Driver/Src/stm32f4xx_hal_tim_ex.o
                0x08005b60                HAL_TIMEx_MasterConfigSynchronization
 .text.HAL_TIMEx_CommutCallback
                0x08005c58       0x14 ./Drivers/STM32F4xx_HAL_Driver/Src/stm32f4xx_hal_tim_ex.o
                0x08005c58                HAL_TIMEx_CommutCallback
 .text.HAL_TIMEx_BreakCallback
                0x08005c6c       0x14 ./Drivers/STM32F4xx_HAL_Driver/Src/stm32f4xx_hal_tim_ex.o
                0x08005c6c                HAL_TIMEx_BreakCallback
 .text.USB_EnableGlobalInt
                0x08005c80       0x22 ./Drivers/STM32F4xx_HAL_Driver/Src/stm32f4xx_ll_usb.o
                0x08005c80                USB_EnableGlobalInt
 .text.USB_DisableGlobalInt
                0x08005ca2       0x22 ./Drivers/STM32F4xx_HAL_Driver/Src/stm32f4xx_ll_usb.o
                0x08005ca2                USB_DisableGlobalInt
 .text.USB_FlushTxFifo
                0x08005cc4       0x64 ./Drivers/STM32F4xx_HAL_Driver/Src/stm32f4xx_ll_usb.o
                0x08005cc4                USB_FlushTxFifo
 .text.USB_FlushRxFifo
                0x08005d28       0x5c ./Drivers/STM32F4xx_HAL_Driver/Src/stm32f4xx_ll_usb.o
                0x08005d28                USB_FlushRxFifo
 .text.USB_ReadPacket
                0x08005d84       0xb0 ./Drivers/STM32F4xx_HAL_Driver/Src/stm32f4xx_ll_usb.o
                0x08005d84                USB_ReadPacket
 .text.USB_ReadInterrupts
                0x08005e34       0x26 ./Drivers/STM32F4xx_HAL_Driver/Src/stm32f4xx_ll_usb.o
                0x08005e34                USB_ReadInterrupts
 .text.USB_ReadChInterrupts
                0x08005e5a       0x42 ./Drivers/STM32F4xx_HAL_Driver/Src/stm32f4xx_ll_usb.o
                0x08005e5a                USB_ReadChInterrupts
 .text.USB_GetMode
                0x08005e9c       0x1c ./Drivers/STM32F4xx_HAL_Driver/Src/stm32f4xx_ll_usb.o
                0x08005e9c                USB_GetMode
 .text.USB_InitFSLSPClkSel
                0x08005eb8       0x7a ./Drivers/STM32F4xx_HAL_Driver/Src/stm32f4xx_ll_usb.o
                0x08005eb8                USB_InitFSLSPClkSel
 .text.USB_HC_ReadInterrupt
                0x08005f32       0x22 ./Drivers/STM32F4xx_HAL_Driver/Src/stm32f4xx_ll_usb.o
                0x08005f32                USB_HC_ReadInterrupt
 .text.USB_HC_Halt
                0x08005f54      0x240 ./Drivers/STM32F4xx_HAL_Driver/Src/stm32f4xx_ll_usb.o
                0x08005f54                USB_HC_Halt
 .text.USB_StopHost
                0x08006194      0x124 ./Drivers/STM32F4xx_HAL_Driver/Src/stm32f4xx_ll_usb.o
                0x08006194                USB_StopHost
 .text.USBH_LL_IncTimer
                0x080062b8       0x24 ./Middlewares/ST/STM32_USB_Host_Library/Core/Src/usbh_core.o
                0x080062b8                USBH_LL_IncTimer
 .text.USBH_HandleSof
                0x080062dc       0x30 ./Middlewares/ST/STM32_USB_Host_Library/Core/Src/usbh_core.o
 .text.USBH_LL_PortEnabled
                0x0800630c       0x1c ./Middlewares/ST/STM32_USB_Host_Library/Core/Src/usbh_core.o
                0x0800630c                USBH_LL_PortEnabled
 .text.USBH_LL_PortDisabled
                0x08006328       0x24 ./Middlewares/ST/STM32_USB_Host_Library/Core/Src/usbh_core.o
                0x08006328                USBH_LL_PortDisabled
 .text.USBH_LL_Connect
                0x0800634c       0x2e ./Middlewares/ST/STM32_USB_Host_Library/Core/Src/usbh_core.o
                0x0800634c                USBH_LL_Connect
 .text.USBH_LL_Disconnect
                0x0800637a       0x48 ./Middlewares/ST/STM32_USB_Host_Library/Core/Src/usbh_core.o
                0x0800637a                USBH_LL_Disconnect
 .text.USBH_FreePipe
                0x080063c2       0x3c ./Middlewares/ST/STM32_USB_Host_Library/Core/Src/usbh_pipes.o
                0x080063c2                USBH_FreePipe
 .text.HAL_HCD_SOF_Callback
                0x080063fe       0x1c ./USB_HOST/Target/usbh_conf.o
                0x080063fe                HAL_HCD_SOF_Callback
 .text.HAL_HCD_Connect_Callback
                0x0800641a       0x1c ./USB_HOST/Target/usbh_conf.o
                0x0800641a                HAL_HCD_Connect_Callback
 .text.HAL_HCD_Disconnect_Callback
                0x08006436       0x1c ./USB_HOST/Target/usbh_conf.o
                0x08006436                HAL_HCD_Disconnect_Callback
 .text.HAL_HCD_HC_NotifyURBChange_Callback
                0x08006452       0x1c ./USB_HOST/Target/usbh_conf.o
                0x08006452                HAL_HCD_HC_NotifyURBChange_Callback
 .text.HAL_HCD_PortEnabled_Callback
                0x0800646e       0x1c ./USB_HOST/Target/usbh_conf.o
                0x0800646e                HAL_HCD_PortEnabled_Callback
 .text.HAL_HCD_PortDisabled_Callback
                0x0800648a       0x1c ./USB_HOST/Target/usbh_conf.o
                0x0800648a                HAL_HCD_PortDisabled_Callback
 .text.USBH_LL_Stop
                0x080064a6       0x36 ./USB_HOST/Target/usbh_conf.o
                0x080064a6                USBH_LL_Stop
 .text.USBH_Get_USB_Status
                0x080064dc       0x58 ./USB_HOST/Target/usbh_conf.o
                0x080064dc                USBH_Get_USB_Status
 .text.memset   0x08006534       0x10 /home/nonexistent/st/stm32cubeide_2.0.0/plugins/com.st.stm32cube.ide.mcu.externaltools.gnu-tools-for-stm32.14.3.rel1.linux64_1.0.100.202602081740/tools/bin/../lib/gcc/arm-none-eabi/14.3.1/../../../../arm-none-eabi/lib/thumb/v7e-m+fp/hard/libc_nano.a(libc_a-memset.o)
                0x08006534                memset
 .text.__libc_init_array
                0x08006544       0x48 /home/nonexistent/st/stm32cubeide_2.0.0/plugins/com.st.stm32cube.ide.mcu.externaltools.gnu-tools-for-stm32.14.3.rel1.linux64_1.0.100.202602081740/tools/bin/../lib/gcc/arm-none-eabi/14.3.1/../../../../arm-none-eabi/lib/thumb/v7e-m+fp/hard/libc_nano.a(libc_a-init.o)
                0x08006544                __libc_init_array
 *(.glue_7)
 .glue_7        0x0800658c        0x0 linker stubs
 *(.glue_7t)
 .glue_7t       0x0800658c        0x0 linker stubs
 *(.eh_frame)
 .eh_frame      0x0800658c        0x0 /home/nonexistent/st/stm32cubeide_2.0.0/plugins/com.st.stm32cube.ide.mcu.externaltools.gnu-tools-for-stm32.14.3.rel1.linux64_1.0.100.202602081740/tools/bin/../lib/gcc/arm-none-eabi/14.3.1/thumb/v7e-m+fp/hard/crtbegin.o
 *(.init)
 .init          0x0800658c        0x4 /home/nonexistent/st/stm32cubeide_2.0.0/plugins/com.st.stm32cube.ide.mcu.externaltools.gnu-tools-for-stm32.14.3.rel1.linux64_1.0.100.202602081740/tools/bin/../lib/gcc/arm-none-eabi/14.3.1/thumb/v7e-m+fp/hard/crti.o
                0x0800658c                _init
 .init          0x08006590        0x8 /home/nonexistent/st/stm32cubeide_2.0.0/plugins/com.st.stm32cube.ide.mcu.externaltools.gnu-tools-for-stm32.14.3.rel1.linux64_1.0.100.202602081740/tools/bin/../lib/gcc/arm-none-eabi/14.3.1/thumb/v7e-m+fp/hard/crtn.o
 *(.fini)
 .fini          0x08006598        0x4 /home/nonexistent/st/stm32cubeide_2.0.0/plugins/com.st.stm32cube.ide.mcu.externaltools.gnu-tools-for-stm32.14.3.rel1.linux64_1.0.100.202602081740/tools/bin/../lib/gcc/arm-none-eabi/14.3.1/thumb/v7e-m+fp/hard/crti.o
                0x08006598                _fini
 .fini          0x0800659c        0x8 /home/nonexistent/st/stm32cubeide_2.0.0/plugins/com.st.stm32cube.ide.mcu.externaltools.gnu-tools-for-stm32.14.3.rel1.linux64_1.0.100.202602081740/tools/bin/../lib/gcc/arm-none-eabi/14.3.1/thumb/v7e-m+fp/hard/crtn.o
                0x080065a4                        . = ALIGN (0x4)
                0x080065a4                        _etext = .

.vfp11_veneer   0x080065a4        0x0
 .vfp11_veneer  0x080065a4        0x0 linker stubs

.v4_bx          0x080065a4        0x0
 .v4_bx         0x080065a4        0x0 linker stubs

.iplt           0x080065a4        0x0
 .iplt          0x080065a4        0x0 /home/nonexistent/st/stm32cubeide_2.0.0/plugins/com.st.stm32cube.ide.mcu.externaltools.gnu-tools-for-stm32.14.3.rel1.linux64_1.0.100.202602081740/tools/bin/../lib/gcc/arm-none-eabi/14.3.1/thumb/v7e-m+fp/hard/crtbegin.o

.rodata         0x080065a4      0x268
                0x080065a4                        . = ALIGN (0x4)
 *(.rodata)
 .rodata        0x080065a4      0x258 ./Core/Src/main.o
 *(.rodata*)
 .rodata.AHBPrescTable
                0x080067fc       0x10 ./Core/Src/system_stm32f4xx.o
                0x080067fc                AHBPrescTable
                0x0800680c                        . = ALIGN (0x4)

.ARM.extab      0x0800680c        0x0
                0x0800680c                        . = ALIGN (0x4)
 *(.ARM.extab* .gnu.linkonce.armextab.*)
                0x0800680c                        . = ALIGN (0x4)

.ARM            0x0800680c        0x8
                0x0800680c                        . = ALIGN (0x4)
                0x0800680c                        __exidx_start = .
 *(.ARM.exidx*)
 .ARM.exidx     0x0800680c        0x8 /home/nonexistent/st/stm32cubeide_2.0.0/plugins/com.st.stm32cube.ide.mcu.externaltools.gnu-tools-for-stm32.14.3.rel1.linux64_1.0.100.202602081740/tools/bin/../lib/gcc/arm-none-eabi/14.3.1/thumb/v7e-m+fp/hard/libgcc.a(_udivmoddi4.o)
                0x08006814                        __exidx_end = .
                0x08006814                        . = ALIGN (0x4)

.preinit_array  0x08006814        0x0
                0x08006814                        . = ALIGN (0x4)
                0x08006814                        PROVIDE (__preinit_array_start = .)
 *(.preinit_array*)
                0x08006814                        PROVIDE (__preinit_array_end = .)
                0x08006814                        . = ALIGN (0x4)

.init_array     0x08006814        0x4
                0x08006814                        . = ALIGN (0x4)
                0x08006814                        PROVIDE (__init_array_start = .)
 *(SORT_BY_NAME(.init_array.*))
 *(.init_array*)
 .init_array    0x08006814        0x4 /home/nonexistent/st/stm32cubeide_2.0.0/plugins/com.st.stm32cube.ide.mcu.externaltools.gnu-tools-for-stm32.14.3.rel1.linux64_1.0.100.202602081740/tools/bin/../lib/gcc/arm-none-eabi/14.3.1/thumb/v7e-m+fp/hard/crtbegin.o
                0x08006818                        PROVIDE (__init_array_end = .)
                0x08006818                        . = ALIGN (0x4)

.fini_array     0x08006818        0x4
                0x08006818                        . = ALIGN (0x4)
                [!provide]                        PROVIDE (__fini_array_start = .)
 *(SORT_BY_NAME(.fini_array.*))
 *(.fini_array*)
 .fini_array    0x08006818        0x4 /home/nonexistent/st/stm32cubeide_2.0.0/plugins/com.st.stm32cube.ide.mcu.externaltools.gnu-tools-for-stm32.14.3.rel1.linux64_1.0.100.202602081740/tools/bin/../lib/gcc/arm-none-eabi/14.3.1/thumb/v7e-m+fp/hard/crtbegin.o
                [!provide]                        PROVIDE (__fini_array_end = .)
                0x0800681c                        . = ALIGN (0x4)
                0x0800681c                        _sidata = LOADADDR (.data)

.rel.dyn        0x0800681c        0x0
 .rel.iplt      0x0800681c        0x0 /home/nonexistent/st/stm32cubeide_2.0.0/plugins/com.st.stm32cube.ide.mcu.externaltools.gnu-tools-for-stm32.14.3.rel1.linux64_1.0.100.202602081740/tools/bin/../lib/gcc/arm-none-eabi/14.3.1/thumb/v7e-m+fp/hard/crtbegin.o

.data           0x20000000      0x164 load address 0x0800681c
                0x20000000                        . = ALIGN (0x4)
                0x20000000                        _sdata = .
 *(.data)
 *(.data*)
 .data.Vibrato_Depth
                0x20000000        0x4 ./Core/Src/main.o
                0x20000000                Vibrato_Depth
 .data.Vibrato_Rate
                0x20000004        0x4 ./Core/Src/main.o
                0x20000004                Vibrato_Rate
 .data.Current_Player
                0x20000008        0x1 ./Core/Src/main.o
                0x20000008                Current_Player
 *fill*         0x20000009        0x3 
 .data.Cursor   0x2000000c        0x4 ./Core/Src/main.o
                0x2000000c                Cursor
 .data.Blink_State
                0x20000010        0x1 ./Core/Src/main.o
                0x20000010                Blink_State
 *fill*         0x20000011        0x3 
 .data.Msg_Welcome
                0x20000014       0x1a ./Core/Src/main.o
                0x20000014                Msg_Welcome
 *fill*         0x2000002e        0x2 
 .data.Msg_P1Place
                0x20000030       0x18 ./Core/Src/main.o
                0x20000030                Msg_P1Place
 .data.Msg_P2Place
                0x20000048       0x18 ./Core/Src/main.o
                0x20000048                Msg_P2Place
 .data.Msg_P1Turn
                0x20000060       0x17 ./Core/Src/main.o
                0x20000060                Msg_P1Turn
 *fill*         0x20000077        0x1 
 .data.Msg_P2Turn
                0x20000078       0x17 ./Core/Src/main.o
                0x20000078                Msg_P2Turn
 *fill*         0x2000008f        0x1 
 .data.Msg_Hit  0x20000090       0x17 ./Core/Src/main.o
                0x20000090                Msg_Hit
 *fill*         0x200000a7        0x1 
 .data.Msg_Miss
                0x200000a8       0x16 ./Core/Src/main.o
                0x200000a8                Msg_Miss
 *fill*         0x200000be        0x2 
 .data.Msg_P1Wins
                0x200000c0       0x17 ./Core/Src/main.o
                0x200000c0                Msg_P1Wins
 *fill*         0x200000d7        0x1 
 .data.Msg_P2Wins
                0x200000d8       0x17 ./Core/Src/main.o
                0x200000d8                Msg_P2Wins
 *fill*         0x200000ef        0x1 
 .data.Msg_PassToP2
                0x200000f0       0x1a ./Core/Src/main.o
                0x200000f0                Msg_PassToP2
 *fill*         0x2000010a        0x2 
 .data.Msg_PassToP1
                0x2000010c       0x1a ./Core/Src/main.o
                0x2000010c                Msg_PassToP1
 *fill*         0x20000126        0x2 
 .data._7SEG    0x20000128       0x2e ./Core/Src/seg7.o
                0x20000128                _7SEG
 *fill*         0x20000156        0x2 
 .data.SystemCoreClock
                0x20000158        0x4 ./Core/Src/system_stm32f4xx.o
                0x20000158                SystemCoreClock
 .data.uwTickPrio
                0x2000015c        0x4 ./Drivers/STM32F4xx_HAL_Driver/Src/stm32f4xx_hal.o
                0x2000015c                uwTickPrio
 .data.uwTickFreq
                0x20000160        0x1 ./Drivers/STM32F4xx_HAL_Driver/Src/stm32f4xx_hal.o
                0x20000160                uwTickFreq
 *(.RamFunc)
 *(.RamFunc*)
                0x20000164                        . = ALIGN (0x4)
 *fill*         0x20000161        0x3 
                0x20000164                        _edata = .
                0x08006980                        _siccmram = LOADADDR (.ccmram)

.igot.plt       0x20000164        0x0 load address 0x08006980
 .igot.plt      0x20000164        0x0 /home/nonexistent/st/stm32cubeide_2.0.0/plugins/com.st.stm32cube.ide.mcu.externaltools.gnu-tools-for-stm32.14.3.rel1.linux64_1.0.100.202602081740/tools/bin/../lib/gcc/arm-none-eabi/14.3.1/thumb/v7e-m+fp/hard/crtbegin.o

.ccmram         0x10000000        0x0 load address 0x08006980
                0x10000000                        . = ALIGN (0x4)
                0x10000000                        _sccmram = .
 *(.ccmram)
 *(.ccmram*)
                0x10000000                        . = ALIGN (0x4)
                0x10000000                        _eccmram = .
                0x10000000                        . = ALIGN (0x4)

.bss            0x20000164      0xd64
                0x20000164                        _sbss = .
                0x20000164                        __bss_start__ = _sbss
 *(.bss)
 .bss           0x20000164       0x1c /home/nonexistent/st/stm32cubeide_2.0.0/plugins/com.st.stm32cube.ide.mcu.externaltools.gnu-tools-for-stm32.14.3.rel1.linux64_1.0.100.202602081740/tools/bin/../lib/gcc/arm-none-eabi/14.3.1/thumb/v7e-m+fp/hard/crtbegin.o
 *(.bss*)
 .bss.htim7     0x20000180       0x48 ./Core/Src/main.o
                0x20000180                htim7
 .bss.ramp      0x200001c8        0x1 ./Core/Src/main.o
                0x200001c8                ramp
 .bss.RED_BRT   0x200001c9        0x1 ./Core/Src/main.o
                0x200001c9                RED_BRT
 .bss.GREEN_BRT
                0x200001ca        0x1 ./Core/Src/main.o
                0x200001ca                GREEN_BRT
 .bss.BLUE_BRT  0x200001cb        0x1 ./Core/Src/main.o
                0x200001cb                BLUE_BRT
 .bss.DIM_Enable
                0x200001cc        0x1 ./Core/Src/main.o
                0x200001cc                DIM_Enable
 .bss.Music_ON  0x200001cd        0x1 ./Core/Src/main.o
                0x200001cd                Music_ON
 *fill*         0x200001ce        0x2 
 .bss.TONE      0x200001d0        0x4 ./Core/Src/main.o
                0x200001d0                TONE
 .bss.COUNT     0x200001d4        0x4 ./Core/Src/main.o
                0x200001d4                COUNT
 .bss.INDEX     0x200001d8        0x4 ./Core/Src/main.o
                0x200001d8                INDEX
 .bss.Save_Note
                0x200001dc        0x4 ./Core/Src/main.o
                0x200001dc                Save_Note
 .bss.Vibrato_Count
                0x200001e0        0x4 ./Core/Src/main.o
                0x200001e0                Vibrato_Count
 .bss.Animate_On
                0x200001e4        0x1 ./Core/Src/main.o
                0x200001e4                Animate_On
 .bss.Message_Length
                0x200001e5        0x1 ./Core/Src/main.o
                0x200001e5                Message_Length
 *fill*         0x200001e6        0x2 
 .bss.Message_Pointer
                0x200001e8        0x4 ./Core/Src/main.o
                0x200001e8                Message_Pointer
 .bss.Save_Pointer
                0x200001ec        0x4 ./Core/Src/main.o
                0x200001ec                Save_Pointer
 .bss.Delay_msec
                0x200001f0        0x4 ./Core/Src/main.o
                0x200001f0                Delay_msec
 .bss.Delay_counter
                0x200001f4        0x4 ./Core/Src/main.o
                0x200001f4                Delay_counter
 .bss.Game_State
                0x200001f8        0x1 ./Core/Src/main.o
                0x200001f8                Game_State
 *fill*         0x200001f9        0x3 
 .bss.P1_Maps   0x200001fc       0x70 ./Core/Src/main.o
                0x200001fc                P1_Maps
 .bss.P2_Maps   0x2000026c       0x70 ./Core/Src/main.o
                0x2000026c                P2_Maps
 .bss.Boat_State
                0x200002dc        0x1 ./Core/Src/main.o
                0x200002dc                Boat_State
 .bss.P1_Hits   0x200002dd        0x1 ./Core/Src/main.o
                0x200002dd                P1_Hits
 .bss.P2_Hits   0x200002de        0x1 ./Core/Src/main.o
                0x200002de                P2_Hits
 *fill*         0x200002df        0x1 
 .bss.Display_Buffer_Full
                0x200002e0        0x8 ./Core/Src/main.o
                0x200002e0                Display_Buffer_Full
 .bss.Display_Buffer_Dim
                0x200002e8        0x8 ./Core/Src/main.o
                0x200002e8                Display_Buffer_Dim
 .bss.Blink_Counter
                0x200002f0        0x2 ./Core/Src/main.o
                0x200002f0                Blink_Counter
 .bss.Current_SFX
                0x200002f2        0x1 ./Core/Src/main.o
                0x200002f2                Current_SFX
 *fill*         0x200002f3        0x1 
 .bss.Song      0x200002f4      0x7d0 ./Core/Src/main.o
                0x200002f4                Song
 .bss.Msg_Score
                0x20000ac4       0x1e ./Core/Src/main.o
                0x20000ac4                Msg_Score
 .bss.pwm_tick.0
                0x20000ae2        0x1 ./Core/Src/stm32f4xx_it.o
 *fill*         0x20000ae3        0x1 
 .bss.uwTick    0x20000ae4        0x4 ./Drivers/STM32F4xx_HAL_Driver/Src/stm32f4xx_hal.o
                0x20000ae4                uwTick
 .bss.hhcd_USB_OTG_FS
                0x20000ae8      0x3e0 ./USB_HOST/Target/usbh_conf.o
                0x20000ae8                hhcd_USB_OTG_FS
 *(COMMON)
                0x20000ec8                        . = ALIGN (0x4)
                0x20000ec8                        _ebss = .
                0x20000ec8                        __bss_end__ = _ebss

._user_heap_stack
                0x20000ec8      0x600
                0x20000ec8                        . = ALIGN (0x8)
                [!provide]                        PROVIDE (end = .)
                0x20000ec8                        PROVIDE (_end = .)
                0x200010c8                        . = (. + _Min_Heap_Size)
 *fill*         0x20000ec8      0x200 
                0x200014c8                        . = (. + _Min_Stack_Size)
 *fill*         0x200010c8      0x400 
                0x200014c8                        . = ALIGN (0x8)

/DISCARD/
 libc.a(*)
 libm.a(*)
 libgcc.a(*)

.ARM.attributes
                0x00000000       0x30
 *(.ARM.attributes)
 .ARM.attributes
                0x00000000       0x22 /home/nonexistent/st/stm32cubeide_2.0.0/plugins/com.st.stm32cube.ide.mcu.externaltools.gnu-tools-for-stm32.14.3.rel1.linux64_1.0.100.202602081740/tools/bin/../lib/gcc/arm-none-eabi/14.3.1/thumb/v7e-m+fp/hard/crti.o
 .ARM.attributes
                0x00000022       0x34 /home/nonexistent/st/stm32cubeide_2.0.0/plugins/com.st.stm32cube.ide.mcu.externaltools.gnu-tools-for-stm32.14.3.rel1.linux64_1.0.100.202602081740/tools/bin/../lib/gcc/arm-none-eabi/14.3.1/thumb/v7e-m+fp/hard/crtbegin.o
 .ARM.attributes
                0x00000056       0x34 ./Core/Src/main.o
 .ARM.attributes
                0x0000008a       0x34 ./Core/Src/seg7.o
 .ARM.attributes
                0x000000be       0x34 ./Core/Src/stm32f4xx_hal_msp.o
 .ARM.attributes
                0x000000f2       0x34 ./Core/Src/stm32f4xx_it.o
 .ARM.attributes
                0x00000126       0x34 ./Core/Src/system_stm32f4xx.o
 .ARM.attributes
                0x0000015a       0x21 ./Core/Startup/startup_stm32f407vgtx.o
 .ARM.attributes
                0x0000017b       0x34 ./Drivers/STM32F4xx_HAL_Driver/Src/stm32f4xx_hal.o
 .ARM.attributes
                0x000001af       0x34 ./Drivers/STM32F4xx_HAL_Driver/Src/stm32f4xx_hal_cortex.o
 .ARM.attributes
                0x000001e3       0x34 ./Drivers/STM32F4xx_HAL_Driver/Src/stm32f4xx_hal_gpio.o
 .ARM.attributes
                0x00000217       0x34 ./Drivers/STM32F4xx_HAL_Driver/Src/stm32f4xx_hal_hcd.o
 .ARM.attributes
                0x0000024b       0x34 ./Drivers/STM32F4xx_HAL_Driver/Src/stm32f4xx_hal_rcc.o
 .ARM.attributes
                0x0000027f       0x34 ./Drivers/STM32F4xx_HAL_Driver/Src/stm32f4xx_hal_tim.o
 .ARM.attributes
                0x000002b3       0x34 ./Drivers/STM32F4xx_HAL_Driver/Src/stm32f4xx_hal_tim_ex.o
 .ARM.attributes
                0x000002e7       0x34 ./Drivers/STM32F4xx_HAL_Driver/Src/stm32f4xx_ll_usb.o
 .ARM.attributes
                0x0000031b       0x34 ./Middlewares/ST/STM32_USB_Host_Library/Core/Src/usbh_core.o
 .ARM.attributes
                0x0000034f       0x34 ./Middlewares/ST/STM32_USB_Host_Library/Core/Src/usbh_pipes.o
 .ARM.attributes
                0x00000383       0x34 ./USB_HOST/Target/usbh_conf.o
 .ARM.attributes
                0x000003b7       0x34 /home/nonexistent/st/stm32cubeide_2.0.0/plugins/com.st.stm32cube.ide.mcu.externaltools.gnu-tools-for-stm32.14.3.rel1.linux64_1.0.100.202602081740/tools/bin/../lib/gcc/arm-none-eabi/14.3.1/../../../../arm-none-eabi/lib/thumb/v7e-m+fp/hard/libc_nano.a(libc_a-memset.o)
 .ARM.attributes
                0x000003eb       0x34 /home/nonexistent/st/stm32cubeide_2.0.0/plugins/com.st.stm32cube.ide.mcu.externaltools.gnu-tools-for-stm32.14.3.rel1.linux64_1.0.100.202602081740/tools/bin/../lib/gcc/arm-none-eabi/14.3.1/../../../../arm-none-eabi/lib/thumb/v7e-m+fp/hard/libc_nano.a(libc_a-init.o)
 .ARM.attributes
                0x0000041f       0x22 /home/nonexistent/st/stm32cubeide_2.0.0/plugins/com.st.stm32cube.ide.mcu.externaltools.gnu-tools-for-stm32.14.3.rel1.linux64_1.0.100.202602081740/tools/bin/../lib/gcc/arm-none-eabi/14.3.1/thumb/v7e-m+fp/hard/libgcc.a(_aeabi_uldivmod.o)
 .ARM.attributes
                0x00000441       0x34 /home/nonexistent/st/stm32cubeide_2.0.0/plugins/com.st.stm32cube.ide.mcu.externaltools.gnu-tools-for-stm32.14.3.rel1.linux64_1.0.100.202602081740/tools/bin/../lib/gcc/arm-none-eabi/14.3.1/thumb/v7e-m+fp/hard/libgcc.a(_udivmoddi4.o)
 .ARM.attributes
                0x00000475       0x22 /home/nonexistent/st/stm32cubeide_2.0.0/plugins/com.st.stm32cube.ide.mcu.externaltools.gnu-tools-for-stm32.14.3.rel1.linux64_1.0.100.202602081740/tools/bin/../lib/gcc/arm-none-eabi/14.3.1/thumb/v7e-m+fp/hard/libgcc.a(_dvmd_tls.o)
 .ARM.attributes
                0x00000497       0x22 /home/nonexistent/st/stm32cubeide_2.0.0/plugins/com.st.stm32cube.ide.mcu.externaltools.gnu-tools-for-stm32.14.3.rel1.linux64_1.0.100.202602081740/tools/bin/../lib/gcc/arm-none-eabi/14.3.1/thumb/v7e-m+fp/hard/crtn.o
OUTPUT(LabFinalFrFr.elf elf32-littlearm)
LOAD linker stubs
LOAD /home/nonexistent/st/stm32cubeide_2.0.0/plugins/com.st.stm32cube.ide.mcu.externaltools.gnu-tools-for-stm32.14.3.rel1.linux64_1.0.100.202602081740/tools/bin/../lib/gcc/arm-none-eabi/14.3.1/../../../../arm-none-eabi/lib/thumb/v7e-m+fp/hard/libc.a
LOAD /home/nonexistent/st/stm32cubeide_2.0.0/plugins/com.st.stm32cube.ide.mcu.externaltools.gnu-tools-for-stm32.14.3.rel1.linux64_1.0.100.202602081740/tools/bin/../lib/gcc/arm-none-eabi/14.3.1/../../../../arm-none-eabi/lib/thumb/v7e-m+fp/hard/libm.a
LOAD /home/nonexistent/st/stm32cubeide_2.0.0/plugins/com.st.stm32cube.ide.mcu.externaltools.gnu-tools-for-stm32.14.3.rel1.linux64_1.0.100.202602081740/tools/bin/../lib/gcc/arm-none-eabi/14.3.1/thumb/v7e-m+fp/hard/libgcc.a

.debug_info     0x00000000    0x11a15
 .debug_info    0x00000000     0x2736 ./Core/Src/main.o
 .debug_info    0x00002736      0x229 ./Core/Src/seg7.o
 .debug_info    0x0000295f     0x15d0 ./Core/Src/stm32f4xx_hal_msp.o
 .debug_info    0x00003f2f      0xece ./Core/Src/stm32f4xx_it.o
 .debug_info    0x00004dfd      0x512 ./Core/Src/system_stm32f4xx.o
 .debug_info    0x0000530f       0x30 ./Core/Startup/startup_stm32f407vgtx.o
 .debug_info    0x0000533f      0x944 ./Drivers/STM32F4xx_HAL_Driver/Src/stm32f4xx_hal.o
 .debug_info    0x00005c83      0xd8c ./Drivers/STM32F4xx_HAL_Driver/Src/stm32f4xx_hal_cortex.o
 .debug_info    0x00006a0f      0x6c3 ./Drivers/STM32F4xx_HAL_Driver/Src/stm32f4xx_hal_gpio.o
 .debug_info    0x000070d2     0x114c ./Drivers/STM32F4xx_HAL_Driver/Src/stm32f4xx_hal_hcd.o
 .debug_info    0x0000821e      0x8c3 ./Drivers/STM32F4xx_HAL_Driver/Src/stm32f4xx_hal_rcc.o
 .debug_info    0x00008ae1     0x299d ./Drivers/STM32F4xx_HAL_Driver/Src/stm32f4xx_hal_tim.o
 .debug_info    0x0000b47e     0x14db ./Drivers/STM32F4xx_HAL_Driver/Src/stm32f4xx_hal_tim_ex.o
 .debug_info    0x0000c959     0x1993 ./Drivers/STM32F4xx_HAL_Driver/Src/stm32f4xx_ll_usb.o
 .debug_info    0x0000e2ec      0xfa9 ./Middlewares/ST/STM32_USB_Host_Library/Core/Src/usbh_core.o
 .debug_info    0x0000f295      0xa91 ./Middlewares/ST/STM32_USB_Host_Library/Core/Src/usbh_pipes.o
 .debug_info    0x0000fd26     0x1cef ./USB_HOST/Target/usbh_conf.o

.debug_abbrev   0x00000000     0x280f
 .debug_abbrev  0x00000000      0x3a6 ./Core/Src/main.o
 .debug_abbrev  0x000003a6      0x130 ./Core/Src/seg7.o
 .debug_abbrev  0x000004d6      0x24b ./Core/Src/stm32f4xx_hal_msp.o
 .debug_abbrev  0x00000721      0x243 ./Core/Src/stm32f4xx_it.o
 .debug_abbrev  0x00000964      0x11a ./Core/Src/system_stm32f4xx.o
 .debug_abbrev  0x00000a7e       0x24 ./Core/Startup/startup_stm32f407vgtx.o
 .debug_abbrev  0x00000aa2      0x214 ./Drivers/STM32F4xx_HAL_Driver/Src/stm32f4xx_hal.o
 .debug_abbrev  0x00000cb6      0x31d ./Drivers/STM32F4xx_HAL_Driver/Src/stm32f4xx_hal_cortex.o
 .debug_abbrev  0x00000fd3      0x1d4 ./Drivers/STM32F4xx_HAL_Driver/Src/stm32f4xx_hal_gpio.o
 .debug_abbrev  0x000011a7      0x296 ./Drivers/STM32F4xx_HAL_Driver/Src/stm32f4xx_hal_hcd.o
 .debug_abbrev  0x0000143d      0x2b7 ./Drivers/STM32F4xx_HAL_Driver/Src/stm32f4xx_hal_rcc.o
 .debug_abbrev  0x000016f4      0x278 ./Drivers/STM32F4xx_HAL_Driver/Src/stm32f4xx_hal_tim.o
 .debug_abbrev  0x0000196c      0x283 ./Drivers/STM32F4xx_HAL_Driver/Src/stm32f4xx_hal_tim_ex.o
 .debug_abbrev  0x00001bef      0x2b3 ./Drivers/STM32F4xx_HAL_Driver/Src/stm32f4xx_ll_usb.o
 .debug_abbrev  0x00001ea2      0x32a ./Middlewares/ST/STM32_USB_Host_Library/Core/Src/usbh_core.o
 .debug_abbrev  0x000021cc      0x281 ./Middlewares/ST/STM32_USB_Host_Library/Core/Src/usbh_pipes.o
 .debug_abbrev  0x0000244d      0x3c2 ./USB_HOST/Target/usbh_conf.o

.debug_aranges  0x00000000      0xf38
 .debug_aranges
                0x00000000      0x128 ./Core/Src/main.o
 .debug_aranges
                0x00000128       0x30 ./Core/Src/seg7.o
 .debug_aranges
                0x00000158       0x60 ./Core/Src/stm32f4xx_hal_msp.o
 .debug_aranges
                0x000001b8       0x70 ./Core/Src/stm32f4xx_it.o
 .debug_aranges
                0x00000228       0x28 ./Core/Src/system_stm32f4xx.o
 .debug_aranges
                0x00000250       0x28 ./Core/Startup/startup_stm32f407vgtx.o
 .debug_aranges
                0x00000278       0xf0 ./Drivers/STM32F4xx_HAL_Driver/Src/stm32f4xx_hal.o
 .debug_aranges
                0x00000368      0x130 ./Drivers/STM32F4xx_HAL_Driver/Src/stm32f4xx_hal_cortex.o
 .debug_aranges
                0x00000498       0x58 ./Drivers/STM32F4xx_HAL_Driver/Src/stm32f4xx_hal_gpio.o
 .debug_aranges
                0x000004f0      0x108 ./Drivers/STM32F4xx_HAL_Driver/Src/stm32f4xx_hal_hcd.o
 .debug_aranges
                0x000005f8       0x88 ./Drivers/STM32F4xx_HAL_Driver/Src/stm32f4xx_hal_rcc.o
 .debug_aranges
                0x00000680      0x3d0 ./Drivers/STM32F4xx_HAL_Driver/Src/stm32f4xx_hal_tim.o
 .debug_aranges
                0x00000a50      0x168 ./Drivers/STM32F4xx_HAL_Driver/Src/stm32f4xx_hal_tim_ex.o
 .debug_aranges
                0x00000bb8      0x1a0 ./Drivers/STM32F4xx_HAL_Driver/Src/stm32f4xx_ll_usb.o
 .debug_aranges
                0x00000d58       0xc0 ./Middlewares/ST/STM32_USB_Host_Library/Core/Src/usbh_core.o
 .debug_aranges
                0x00000e18       0x40 ./Middlewares/ST/STM32_USB_Host_Library/Core/Src/usbh_pipes.o
 .debug_aranges
                0x00000e58       0xe0 ./USB_HOST/Target/usbh_conf.o

.debug_rnglists
                0x00000000      0xbc2
 .debug_rnglists
                0x00000000       0xf7 ./Core/Src/main.o
 .debug_rnglists
                0x000000f7       0x1f ./Core/Src/seg7.o
 .debug_rnglists
                0x00000116       0x46 ./Core/Src/stm32f4xx_hal_msp.o
 .debug_rnglists
                0x0000015c       0x51 ./Core/Src/stm32f4xx_it.o
 .debug_rnglists
                0x000001ad       0x1a ./Core/Src/system_stm32f4xx.o
 .debug_rnglists
                0x000001c7       0x19 ./Core/Startup/startup_stm32f407vgtx.o
 .debug_rnglists
                0x000001e0       0xaf ./Drivers/STM32F4xx_HAL_Driver/Src/stm32f4xx_hal.o
 .debug_rnglists
                0x0000028f       0xe0 ./Drivers/STM32F4xx_HAL_Driver/Src/stm32f4xx_hal_cortex.o
 .debug_rnglists
                0x0000036f       0x3f ./Drivers/STM32F4xx_HAL_Driver/Src/stm32f4xx_hal_gpio.o
 .debug_rnglists
                0x000003ae       0xca ./Drivers/STM32F4xx_HAL_Driver/Src/stm32f4xx_hal_hcd.o
 .debug_rnglists
                0x00000478       0x66 ./Drivers/STM32F4xx_HAL_Driver/Src/stm32f4xx_hal_rcc.o
 .debug_rnglists
                0x000004de      0x31a ./Drivers/STM32F4xx_HAL_Driver/Src/stm32f4xx_hal_tim.o
 .debug_rnglists
                0x000007f8      0x125 ./Drivers/STM32F4xx_HAL_Driver/Src/stm32f4xx_hal_tim_ex.o
 .debug_rnglists
                0x0000091d      0x147 ./Drivers/STM32F4xx_HAL_Driver/Src/stm32f4xx_ll_usb.o
 .debug_rnglists
                0x00000a64       0x8f ./Middlewares/ST/STM32_USB_Host_Library/Core/Src/usbh_core.o
 .debug_rnglists
                0x00000af3       0x2b ./Middlewares/ST/STM32_USB_Host_Library/Core/Src/usbh_pipes.o
 .debug_rnglists
                0x00000b1e       0xa4 ./USB_HOST/Target/usbh_conf.o

.debug_macro    0x00000000    0x22a2b
 .debug_macro   0x00000000      0x307 ./Core/Src/main.o
 .debug_macro   0x00000307      0xad8 ./Core/Src/main.o
 .debug_macro   0x00000ddf      0x2ad ./Core/Src/main.o
 .debug_macro   0x0000108c       0x2e ./Core/Src/main.o
 .debug_macro   0x000010ba       0x2f ./Core/Src/main.o
 .debug_macro   0x000010e9       0x22 ./Core/Src/main.o
 .debug_macro   0x0000110b       0x8e ./Core/Src/main.o
 .debug_macro   0x00001199       0x51 ./Core/Src/main.o
 .debug_macro   0x000011ea      0x103 ./Core/Src/main.o
 .debug_macro   0x000012ed       0x6a ./Core/Src/main.o
 .debug_macro   0x00001357      0x1df ./Core/Src/main.o
 .debug_macro   0x00001536       0x1c ./Core/Src/main.o
 .debug_macro   0x00001552       0x22 ./Core/Src/main.o
 .debug_macro   0x00001574       0xfb ./Core/Src/main.o
 .debug_macro   0x0000166f     0x1011 ./Core/Src/main.o
 .debug_macro   0x00002680      0x11f ./Core/Src/main.o
 .debug_macro   0x0000279f    0x15ea5 ./Core/Src/main.o
 .debug_macro   0x00018644       0x6d ./Core/Src/main.o
 .debug_macro   0x000186b1     0x3693 ./Core/Src/main.o
 .debug_macro   0x0001bd44      0x190 ./Core/Src/main.o
 .debug_macro   0x0001bed4       0x5c ./Core/Src/main.o
 .debug_macro   0x0001bf30      0x980 ./Core/Src/main.o
 .debug_macro   0x0001c8b0      0x9e9 ./Core/Src/main.o
 .debug_macro   0x0001d299      0x115 ./Core/Src/main.o
 .debug_macro   0x0001d3ae      0x13e ./Core/Src/main.o
 .debug_macro   0x0001d4ec       0xa5 ./Core/Src/main.o
 .debug_macro   0x0001d591      0x174 ./Core/Src/main.o
 .debug_macro   0x0001d705      0x287 ./Core/Src/main.o
 .debug_macro   0x0001d98c       0x5f ./Core/Src/main.o
 .debug_macro   0x0001d9eb      0x236 ./Core/Src/main.o
 .debug_macro   0x0001dc21      0x12c ./Core/Src/main.o
 .debug_macro   0x0001dd4d      0x21e ./Core/Src/main.o
 .debug_macro   0x0001df6b       0x2e ./Core/Src/main.o
 .debug_macro   0x0001df99      0x1b5 ./Core/Src/main.o
 .debug_macro   0x0001e14e       0xd6 ./Core/Src/main.o
 .debug_macro   0x0001e224      0x1a7 ./Core/Src/main.o
 .debug_macro   0x0001e3cb       0x46 ./Core/Src/main.o
 .debug_macro   0x0001e411       0x4a ./Core/Src/main.o
 .debug_macro   0x0001e45b      0x127 ./Core/Src/main.o
 .debug_macro   0x0001e582       0x7e ./Core/Src/main.o
 .debug_macro   0x0001e600       0x89 ./Core/Src/main.o
 .debug_macro   0x0001e689      0x225 ./Core/Src/main.o
 .debug_macro   0x0001e8ae      0x8ed ./Core/Src/main.o
 .debug_macro   0x0001f19b       0x4d ./Core/Src/main.o
 .debug_macro   0x0001f1e8      0x293 ./Core/Src/main.o
 .debug_macro   0x0001f47b       0x98 ./Core/Src/main.o
 .debug_macro   0x0001f513      0x12d ./Core/Src/main.o
 .debug_macro   0x0001f640      0x4b8 ./Core/Src/main.o
 .debug_macro   0x0001faf8      0x106 ./Core/Src/main.o
 .debug_macro   0x0001fbfe       0x61 ./Core/Src/main.o
 .debug_macro   0x0001fc5f       0x2a ./Core/Src/main.o
 .debug_macro   0x0001fc89       0x43 ./Core/Src/main.o
 .debug_macro   0x0001fccc       0x34 ./Core/Src/main.o
 .debug_macro   0x0001fd00      0x364 ./Core/Src/main.o
 .debug_macro   0x00020064       0x16 ./Core/Src/main.o
 .debug_macro   0x0002007a       0x4a ./Core/Src/main.o
 .debug_macro   0x000200c4       0x34 ./Core/Src/main.o
 .debug_macro   0x000200f8       0x10 ./Core/Src/main.o
 .debug_macro   0x00020108       0x58 ./Core/Src/main.o
 .debug_macro   0x00020160       0x8e ./Core/Src/main.o
 .debug_macro   0x000201ee       0x1c ./Core/Src/main.o
 .debug_macro   0x0002020a      0x17e ./Core/Src/main.o
 .debug_macro   0x00020388       0x10 ./Core/Src/main.o
 .debug_macro   0x00020398       0x3c ./Core/Src/main.o
 .debug_macro   0x000203d4       0x20 ./Core/Src/main.o
 .debug_macro   0x000203f4      0x22f ./Core/Src/seg7.o
 .debug_macro   0x00020623      0x100 ./Core/Src/seg7.o
 .debug_macro   0x00020723      0x229 ./Core/Src/stm32f4xx_hal_msp.o
 .debug_macro   0x0002094c      0x23c ./Core/Src/stm32f4xx_it.o
 .debug_macro   0x00020b88      0x21a ./Core/Src/system_stm32f4xx.o
 .debug_macro   0x00020da2      0x27a ./Drivers/STM32F4xx_HAL_Driver/Src/stm32f4xx_hal.o
 .debug_macro   0x0002101c      0x21a ./Drivers/STM32F4xx_HAL_Driver/Src/stm32f4xx_hal_cortex.o
 .debug_macro   0x00021236      0x220 ./Drivers/STM32F4xx_HAL_Driver/Src/stm32f4xx_hal_gpio.o
 .debug_macro   0x00021456      0x21a ./Drivers/STM32F4xx_HAL_Driver/Src/stm32f4xx_hal_hcd.o
 .debug_macro   0x00021670      0x23e ./Drivers/STM32F4xx_HAL_Driver/Src/stm32f4xx_hal_rcc.o
 .debug_macro   0x000218ae      0x21b ./Drivers/STM32F4xx_HAL_Driver/Src/stm32f4xx_hal_tim.o
 .debug_macro   0x00021ac9      0x21a ./Drivers/STM32F4xx_HAL_Driver/Src/stm32f4xx_hal_tim_ex.o
 .debug_macro   0x00021ce3      0x21a ./Drivers/STM32F4xx_HAL_Driver/Src/stm32f4xx_ll_usb.o
 .debug_macro   0x00021efd      0x3be ./Middlewares/ST/STM32_USB_Host_Library/Core/Src/usbh_core.o
 .debug_macro   0x000222bb      0x3b0 ./Middlewares/ST/STM32_USB_Host_Library/Core/Src/usbh_pipes.o
 .debug_macro   0x0002266b      0x3c0 ./USB_HOST/Target/usbh_conf.o

.debug_line     0x00000000    0x11b36
 .debug_line    0x00000000     0x1947 ./Core/Src/main.o
 .debug_line    0x00001947      0x7ef ./Core/Src/seg7.o
 .debug_line    0x00002136      0x8a0 ./Core/Src/stm32f4xx_hal_msp.o
 .debug_line    0x000029d6      0xa25 ./Core/Src/stm32f4xx_it.o
 .debug_line    0x000033fb      0x7c7 ./Core/Src/system_stm32f4xx.o
 .debug_line    0x00003bc2       0x7a ./Core/Startup/startup_stm32f407vgtx.o
 .debug_line    0x00003c3c      0xa46 ./Drivers/STM32F4xx_HAL_Driver/Src/stm32f4xx_hal.o
 .debug_line    0x00004682      0xd13 ./Drivers/STM32F4xx_HAL_Driver/Src/stm32f4xx_hal_cortex.o
 .debug_line    0x00005395      0xb98 ./Drivers/STM32F4xx_HAL_Driver/Src/stm32f4xx_hal_gpio.o
 .debug_line    0x00005f2d     0x15e9 ./Drivers/STM32F4xx_HAL_Driver/Src/stm32f4xx_hal_hcd.o
 .debug_line    0x00007516      0xe52 ./Drivers/STM32F4xx_HAL_Driver/Src/stm32f4xx_hal_rcc.o
 .debug_line    0x00008368     0x37be ./Drivers/STM32F4xx_HAL_Driver/Src/stm32f4xx_hal_tim.o
 .debug_line    0x0000bb26     0x19a3 ./Drivers/STM32F4xx_HAL_Driver/Src/stm32f4xx_hal_tim_ex.o
 .debug_line    0x0000d4c9     0x1d7d ./Drivers/STM32F4xx_HAL_Driver/Src/stm32f4xx_ll_usb.o
 .debug_line    0x0000f246     0x1161 ./Middlewares/ST/STM32_USB_Host_Library/Core/Src/usbh_core.o
 .debug_line    0x000103a7      0xa5b ./Middlewares/ST/STM32_USB_Host_Library/Core/Src/usbh_pipes.o
 .debug_line    0x00010e02      0xd34 ./USB_HOST/Target/usbh_conf.o

.debug_str      0x00000000    0xd24e7
 .debug_str     0x00000000    0xd24e7 ./Core/Src/main.o
                              0xccbaa (size before relaxing)
 .debug_str     0x000d24e7    0xc78b9 ./Core/Src/seg7.o
 .debug_str     0x000d24e7    0xc9485 ./Core/Src/stm32f4xx_hal_msp.o
 .debug_str     0x000d24e7    0xc8ea3 ./Core/Src/stm32f4xx_it.o
 .debug_str     0x000d24e7    0xc7849 ./Core/Src/system_stm32f4xx.o
 .debug_str     0x000d24e7       0x80 ./Core/Startup/startup_stm32f407vgtx.o
 .debug_str     0x000d24e7    0xc83cd ./Drivers/STM32F4xx_HAL_Driver/Src/stm32f4xx_hal.o
 .debug_str     0x000d24e7    0xc8149 ./Drivers/STM32F4xx_HAL_Driver/Src/stm32f4xx_hal_cortex.o
 .debug_str     0x000d24e7    0xc79c4 ./Drivers/STM32F4xx_HAL_Driver/Src/stm32f4xx_hal_gpio.o
 .debug_str     0x000d24e7    0xc8131 ./Drivers/STM32F4xx_HAL_Driver/Src/stm32f4xx_hal_hcd.o
 .debug_str     0x000d24e7    0xc7c7d ./Drivers/STM32F4xx_HAL_Driver/Src/stm32f4xx_hal_rcc.o
 .debug_str     0x000d24e7    0xc8bd3 ./Drivers/STM32F4xx_HAL_Driver/Src/stm32f4xx_hal_tim.o
 .debug_str     0x000d24e7    0xc83df ./Drivers/STM32F4xx_HAL_Driver/Src/stm32f4xx_hal_tim_ex.o
 .debug_str     0x000d24e7    0xc8202 ./Drivers/STM32F4xx_HAL_Driver/Src/stm32f4xx_ll_usb.o
 .debug_str     0x000d24e7    0xcd696 ./Middlewares/ST/STM32_USB_Host_Library/Core/Src/usbh_core.o
 .debug_str     0x000d24e7    0xcd3ce ./Middlewares/ST/STM32_USB_Host_Library/Core/Src/usbh_pipes.o
 .debug_str     0x000d24e7    0xce34a ./USB_HOST/Target/usbh_conf.o

.comment        0x00000000       0x43
 .comment       0x00000000       0x43 ./Core/Src/main.o
                                 0x44 (size before relaxing)
 .comment       0x00000043       0x44 ./Core/Src/seg7.o
 .comment       0x00000043       0x44 ./Core/Src/stm32f4xx_hal_msp.o
 .comment       0x00000043       0x44 ./Core/Src/stm32f4xx_it.o
 .comment       0x00000043       0x44 ./Core/Src/system_stm32f4xx.o
 .comment       0x00000043       0x44 ./Drivers/STM32F4xx_HAL_Driver/Src/stm32f4xx_hal.o
 .comment       0x00000043       0x44 ./Drivers/STM32F4xx_HAL_Driver/Src/stm32f4xx_hal_cortex.o
 .comment       0x00000043       0x44 ./Drivers/STM32F4xx_HAL_Driver/Src/stm32f4xx_hal_gpio.o
 .comment       0x00000043       0x44 ./Drivers/STM32F4xx_HAL_Driver/Src/stm32f4xx_hal_hcd.o
 .comment       0x00000043       0x44 ./Drivers/STM32F4xx_HAL_Driver/Src/stm32f4xx_hal_rcc.o
 .comment       0x00000043       0x44 ./Drivers/STM32F4xx_HAL_Driver/Src/stm32f4xx_hal_tim.o
 .comment       0x00000043       0x44 ./Drivers/STM32F4xx_HAL_Driver/Src/stm32f4xx_hal_tim_ex.o
 .comment       0x00000043       0x44 ./Drivers/STM32F4xx_HAL_Driver/Src/stm32f4xx_ll_usb.o
 .comment       0x00000043       0x44 ./Middlewares/ST/STM32_USB_Host_Library/Core/Src/usbh_core.o
 .comment       0x00000043       0x44 ./Middlewares/ST/STM32_USB_Host_Library/Core/Src/usbh_pipes.o
 .comment       0x00000043       0x44 ./USB_HOST/Target/usbh_conf.o

.debug_frame    0x00000000     0x3d6c
 .debug_frame   0x00000000      0x4ac ./Core/Src/main.o
 .debug_frame   0x000004ac       0x7c ./Core/Src/seg7.o
 .debug_frame   0x00000528      0x154 ./Core/Src/stm32f4xx_hal_msp.o
 .debug_frame   0x0000067c      0x138 ./Core/Src/stm32f4xx_it.o
 .debug_frame   0x000007b4       0x50 ./Core/Src/system_stm32f4xx.o
 .debug_frame   0x00000804      0x31c ./Drivers/STM32F4xx_HAL_Driver/Src/stm32f4xx_hal.o
 .debug_frame   0x00000b20      0x4b8 ./Drivers/STM32F4xx_HAL_Driver/Src/stm32f4xx_hal_cortex.o
 .debug_frame   0x00000fd8      0x130 ./Drivers/STM32F4xx_HAL_Driver/Src/stm32f4xx_hal_gpio.o
 .debug_frame   0x00001108      0x460 ./Drivers/STM32F4xx_HAL_Driver/Src/stm32f4xx_hal_hcd.o
 .debug_frame   0x00001568      0x1d8 ./Drivers/STM32F4xx_HAL_Driver/Src/stm32f4xx_hal_rcc.o
 .debug_frame   0x00001740     0x10f0 ./Drivers/STM32F4xx_HAL_Driver/Src/stm32f4xx_hal_tim.o
 .debug_frame   0x00002830      0x600 ./Drivers/STM32F4xx_HAL_Driver/Src/stm32f4xx_hal_tim_ex.o
 .debug_frame   0x00002e30      0x724 ./Drivers/STM32F4xx_HAL_Driver/Src/stm32f4xx_ll_usb.o
 .debug_frame   0x00003554      0x30c ./Middlewares/ST/STM32_USB_Host_Library/Core/Src/usbh_core.o
 .debug_frame   0x00003860       0xc4 ./Middlewares/ST/STM32_USB_Host_Library/Core/Src/usbh_pipes.o
 .debug_frame   0x00003924      0x39c ./USB_HOST/Target/usbh_conf.o
 .debug_frame   0x00003cc0       0x20 /home/nonexistent/st/stm32cubeide_2.0.0/plugins/com.st.stm32cube.ide.mcu.externaltools.gnu-tools-for-stm32.14.3.rel1.linux64_1.0.100.202602081740/tools/bin/../lib/gcc/arm-none-eabi/14.3.1/../../../../arm-none-eabi/lib/thumb/v7e-m+fp/hard/libc_nano.a(libc_a-memset.o)
 .debug_frame   0x00003ce0       0x2c /home/nonexistent/st/stm32cubeide_2.0.0/plugins/com.st.stm32cube.ide.mcu.externaltools.gnu-tools-for-stm32.14.3.rel1.linux64_1.0.100.202602081740/tools/bin/../lib/gcc/arm-none-eabi/14.3.1/../../../../arm-none-eabi/lib/thumb/v7e-m+fp/hard/libc_nano.a(libc_a-init.o)
 .debug_frame   0x00003d0c       0x2c /home/nonexistent/st/stm32cubeide_2.0.0/plugins/com.st.stm32cube.ide.mcu.externaltools.gnu-tools-for-stm32.14.3.rel1.linux64_1.0.100.202602081740/tools/bin/../lib/gcc/arm-none-eabi/14.3.1/thumb/v7e-m+fp/hard/libgcc.a(_aeabi_uldivmod.o)
 .debug_frame   0x00003d38       0x34 /home/nonexistent/st/stm32cubeide_2.0.0/plugins/com.st.stm32cube.ide.mcu.externaltools.gnu-tools-for-stm32.14.3.rel1.linux64_1.0.100.202602081740/tools/bin/../lib/gcc/arm-none-eabi/14.3.1/thumb/v7e-m+fp/hard/libgcc.a(_udivmoddi4.o)

.debug_line_str
                0x00000000       0x64
 .debug_line_str
                0x00000000       0x64 ./Core/Startup/startup_stm32f407vgtx.o
